// Jest Snapshot v1, https://goo.gl/fbAQLP

exports[`Carousel component Matches snapshot 1`] = `
<DocumentFragment>
  <div>
    <div
      class="Carousel__StyledCarouselWithIndicators-sc-1y7w2xj-1 lomlWv carousel slide"
    >
      <ol
        class="carousel-indicators"
      >
        <li
          class="active"
        />
        <li />
        <li />
      </ol>
      <div
        class="carousel-inner"
      >
        <div
          class="Carousel__StyledCarouselItem-sc-1y7w2xj-0 jYiBRo active carousel-item"
        >
          <a
            class="d-block position-relative"
            href="https://www.wiggle.co.uk/pro-riding-for-summer"
          >
            <div
              style="position: relative; display: block; padding-bottom: 33.85416666666667%;"
            >
              <noscript />
              <img
                alt="Default hero alt text"
                data-src="https://cdn.media.amplience.net/i/wigglecrcnonprd/CCC-11-5-a?w=1920&h=650&sm=C"
                src="data:image/gif;base64,R0lGODlhAQABAAD/ACwAAAAAAQABAAACADs="
                style="height: 100%; width: 100%; visibility: hidden; position: absolute; top: 0px; left: 0px;"
              />
              <div
                style="position: absolute; top: 0px; left: 0px; width: 100%; height: 100%; background: white; transition: 0.1s opacity;"
              />
            </div>
            <div
              class="container"
            >
              <div
                class="position-relative"
              >
                <div
                  class="position-absolute bottom-0 pb-5 mb-5 text-uppercase"
                >
                  <h2
                    class=""
                  >
                    Default ride like a pro
                  </h2>
                  <div
                    class="btn"
                  >
                    Default shop now
                  </div>
                </div>
              </div>
            </div>
          </a>
        </div>
        <div
          class="Carousel__StyledCarouselItem-sc-1y7w2xj-0 jYiBRo carousel-item"
        >
          <a
            class="d-block position-relative"
            href="https://www.wiggle.co.uk/womens-collection"
          >
            <div
              style="position: relative; display: block; padding-bottom: 33.85416666666667%;"
            >
              <noscript />
              <img
                alt="Default hero alt text"
                data-src="https://cdn.media.amplience.net/i/wigglecrcnonprd/homepageh1d?w=1920&h=650&sm=C"
                src="data:image/gif;base64,R0lGODlhAQABAAD/ACwAAAAAAQABAAACADs="
                style="height: 100%; width: 100%; visibility: hidden; position: absolute; top: 0px; left: 0px;"
              />
              <div
                style="position: absolute; top: 0px; left: 0px; width: 100%; height: 100%; background: white; transition: 0.1s opacity;"
              />
            </div>
            <div
              class="container"
            >
              <div
                class="position-relative"
              >
                <div
                  class="position-absolute bottom-0 pb-5 mb-5 text-uppercase"
                >
                  <h2
                    class=""
                  >
                    Default Tailored for women
                  </h2>
                  <h3
                    class=""
                  >
                    Your best-ever sports collection
                  </h3>
                  <div
                    class="btn"
                  >
                    Default Shop now
                  </div>
                </div>
              </div>
            </div>
          </a>
        </div>
        <div
          class="Carousel__StyledCarouselItem-sc-1y7w2xj-0 jYiBRo carousel-item"
        >
          <a
            class="d-block position-relative"
            href="https://www.wiggle.co.uk/discover-different"
          >
            <div
              style="position: relative; display: block; padding-bottom: 33.85416666666667%;"
            >
              <noscript />
              <img
                alt="Default hero alt text"
                data-src="https://cdn.media.amplience.net/i/wigglecrcnonprd/homepage-h-d?w=1920&h=650&sm=C"
                src="data:image/gif;base64,R0lGODlhAQABAAD/ACwAAAAAAQABAAACADs="
                style="height: 100%; width: 100%; visibility: hidden; position: absolute; top: 0px; left: 0px;"
              />
              <div
                style="position: absolute; top: 0px; left: 0px; width: 100%; height: 100%; background: white; transition: 0.1s opacity;"
              />
            </div>
            <div
              class="container"
            >
              <div
                class="position-relative"
              >
                <div
                  class="position-absolute bottom-0 pb-5 mb-5 text-uppercase"
                >
                  <h2
                    class=""
                  >
                    Default Discover different
                  </h2>
                  <div
                    class="btn"
                  >
                    Default Find out more
                  </div>
                </div>
              </div>
            </div>
          </a>
        </div>
      </div>
      <a
        class="carousel-control-prev"
        href="#"
        role="button"
      >
        <span
          aria-hidden="true"
          class="carousel-control-prev-icon"
        />
      </a>
      <a
        class="carousel-control-next"
        href="#"
        role="button"
      >
        <span
          aria-hidden="true"
          class="carousel-control-next-icon"
        />
      </a>
    </div>
  </div>
</DocumentFragment>
`;
