// Jest Snapshot v1, https://goo.gl/fbAQLP

exports[`PushPanel component matches snapshot 1`] = `
<DocumentFragment>
  <div
    class="PushPanel__Panel-sc-1magf3k-0 bTJEyg"
  >
    <a
      class="PushPanel__PanelLink-sc-1magf3k-1 gtiIsO"
      href="https://www.wiggle.co.uk/triathlon-2021?range=ne"
    >
      <div
        style="position: relative; display: block; padding-bottom: 33.85416666666667%;"
      >
        <noscript />
        <img
          alt="Prepare for your next event"
          data-src="https://cdn.media.amplience.net/i/wigglecrcnonprd/homepageb3d2?w=1920&h=650&sm=C"
          src="data:image/gif;base64,R0lGODlhAQABAAD/ACwAAAAAAQABAAACADs="
          style="height: 100%; width: 100%; visibility: hidden; position: absolute; top: 0px; left: 0px;"
        />
        <div
          style="position: absolute; top: 0px; left: 0px; width: 100%; height: 100%; background: white; transition: 0.1s opacity;"
        />
      </div>
      <div
        class="PushPanel__PanelText-sc-1magf3k-2 gUZeSn"
      >
        <h2>
          Latest triathlon kit
        </h2>
        <h3>
          Prepare for your next event
        </h3>
        <button>
          Tri it out...
        </button>
      </div>
    </a>
  </div>
</DocumentFragment>
`;
