// Jest Snapshot v1, https://goo.gl/fbAQLP

exports[`Footer component matches snapshot 1`] = `
<DocumentFragment>
  <footer
    class="Footer__Foot-sc-105w7nn-0 sQZAk text-center p-5"
    data-page-area="Footer"
  >
    <p
      class="text-secondary"
    >
      <a
        class=""
        data-ga-label="Terms & conditions"
        href="/h/option/terms_conditions?isInLightBox=True&isCheckout=True"
      >
        Terms & conditions
      </a>
    </p>
    <small
      class="text-center"
    >
      Â© 2021 Wiggle Ltd. 1000 Lakeside, Suite 310, Third Floor N E Wing, Portsmouth, Hampshire, PO6 3EN, United Kingdom
      <br />
      Company No: 2667809 | VAT No: GB 884 2571 94
    </small>
  </footer>
</DocumentFragment>
`;
